// Jest Snapshot v1, https://goo.gl/fbAQLP

exports[`Test ResumeModal matches snapshot 1`] = `
<div>
  <button
    aria-label={null}
    className="shadow-none btn btn-secondary"
    id="resumeModalButtonundefined"
    onClick={[Function]}
    style={
      Object {
        "backgroundColor": "transparent",
        "border": "transparent",
        "height": "35px",
        "textDecoration": "none",
      }
    }
    tabIndex={0}
    title="View Resume"
    type="button"
  >
    <i
      className="table-data far fa-file-alt fa-lg"
    />
    <span
      className="sr-only"
    >
      Resume
    </span>
  </button>
</div>
`;
