// Jest Snapshot v1, https://goo.gl/fbAQLP

exports[`Test FilterModal matches snapshot 1`] = `
<div>
  <button
    aria-label={null}
    className="btn-block shadow-none btn btn-secondary"
    onClick={[Function]}
    style={
      Object {
        "height": "50px",
        "marginBottom": "5px",
        "marginTop": "5px",
        "textDecoration": "none",
      }
    }
    type="button"
  >
    <i
      className="fas fa-filter"
    />
      Filter
  </button>
</div>
`;
