// Jest Snapshot v1, https://goo.gl/fbAQLP

exports[`Test SummaryForm matches snapshot 1`] = `
<div>
  <div
    className="form-group"
  >
    <label
      className=""
      htmlFor="SummaryText"
    >
      Summary
    </label>
    <textarea
      className="form-control"
      id="SummaryText"
      name="SummaryText"
      placeholder="Summary (Optional)"
    />
  </div>
  <hr />
</div>
`;
