// Jest Snapshot v1, https://goo.gl/fbAQLP

exports[`Test DynamicSectionHeader matches snapshot 1`] = `
<div>
  <div
    className="row"
  >
    <div
      className="col-md-9"
    >
      <h3
        data-testid="dynamic-header-name"
      />
    </div>
    <div
      className="col-md-3"
    />
  </div>
  <hr />
</div>
`;
