// Jest Snapshot v1, https://goo.gl/fbAQLP

exports[`Test SkillCollapse matches snapshot 1`] = `
<div>
  <div
    onClick={[Function]}
    onKeyDown={[Function]}
  />
  <div
    className="collapse"
    style={Object {}}
  >
    <div
      className="card card"
    >
      <div
        className="text-center card-header"
      >
        Skill Match Breakdown
      </div>
      <div
        className="card-body"
      >
        <p>
          <b>
            Matched Skills:
          </b>
           
        </p>
        <p>
          <b>
            Unmatched Skills:
          </b>
           
        </p>
      </div>
    </div>
  </div>
</div>
`;
