// Jest Snapshot v1, https://goo.gl/fbAQLP

exports[`matches snapshot 1`] = `
<div>
  <div
    className="row"
  >
    <div
      className="col-xl-12 col-lg-12 col-md-12 col-sm-12 col-xs-12"
    >
      <div
        className="form-check"
      >
        <label
          className="form-check-label"
        >
          <input
            checked={false}
            className="unselectable form-check-input"
            data-testid="currentPositionCheck"
            onChange={[Function]}
            type="checkbox"
            value={false}
          />
           
          Current Position
        </label>
      </div>
    </div>
    <div
      className="col-xl-6 col-lg-6 col-md-6 col-sm-12 col-xs-12 form-group"
    >
      <label
        className=""
        htmlFor="JobTitle"
      >
        Title
      </label>
      <input
        className="form-control"
        id="JobTitle"
        name="JobTitle"
        onChange={[Function]}
        placeholder="Title/Role"
        required={true}
        type="text"
      />
    </div>
    <div
      className="col-xl-6 col-lg-6 col-md-6 col-sm-12 col-xs-12 form-group"
    >
      <label
        className=""
        htmlFor="JobOrg"
      >
        Company/Organization
      </label>
      <input
        className="form-control"
        id="JobOrg"
        name="JobOrg"
        onChange={[Function]}
        placeholder="Experience Association"
        required={true}
        type="text"
      />
    </div>
    <div
      className="col-xl-3 col-lg-3 col-md-3 col-sm-6 col-xs-6 form-group"
    >
      <label
        className=""
        htmlFor="JobStartDate"
      >
        Start Date
      </label>
      <input
        className="form-control"
        data-testid="startDate"
        id="JobStartDate"
        name="JobStartDate"
        onChange={[Function]}
        placeholder="date placeholder"
        type="date"
      />
    </div>
    <div
      className="col-xl-3 col-lg-3 col-md-3 col-sm-6 col-xs-6 form-group"
    >
      <label
        className=""
        htmlFor="JobStartDate"
      >
        End Date
      </label>
      <input
        className="form-control"
        data-testid="endDate"
        id="JobEndDate"
        name="JobEndDate"
        onChange={[Function]}
        placeholder="date placeholder"
        required={true}
        type="date"
      />
    </div>
    <div
      className="col-xl-6 col-lg-6 col-md-6 col-sm-12 col-xs-12 form-group"
    >
      <label
        className=""
        htmlFor="JobInfo"
      >
        Details
      </label>
      <textarea
        className="form-control"
        id="JobInfo"
        name="JobInfo"
        onChange={[Function]}
        placeholder="Experience Details"
      />
    </div>
    <div
      className="col-xl-12 col-lg-12 col-md-12 col-sm-12 col-xs-12 text-right form-group"
    >
      <button
        aria-label={null}
        className="btn btn-danger"
        onClick={[Function]}
        style={
          Object {
            "marginTop": "32px",
          }
        }
        type="button"
      >
        Remove Experience
      </button>
    </div>
  </div>
  <hr />
</div>
`;
