// Jest Snapshot v1, https://goo.gl/fbAQLP

exports[`Test Help matches snapshot 1`] = `
<div>
  <div>
    <hr />
    <h1
      className="text-center"
      data-testid="header-name"
    >
      Help
    </h1>
    <hr />
  </div>
  <div
    className="container"
  >
    <div>
      <h2>
        Shortcuts:
      </h2>
      <p>
        Navigate to Resource Page:    SHIFT + r
      </p>
      <p>
        Navigate to Help Page:           SHIFT + h
      </p>
      <p>
        Navigate to Settings Page:     SHIFT + s
      </p>
    </div>
  </div>
</div>
`;
